/.cache/composer/
/.cache/deoplete/
/.cache/neosnippet/
/.cache/pip/
/.cache/thumbnails/
/.cache/unite/
/.cache/vimfiler/
/.cache/vim-ref/
/.cache/jedi/
/.cache/parso/
/.config
/.gem
/.go/bin/
/.go/pkg/
/.go/src/golang.org/
/.go/src/gopkg.in/
/.go/src/honnef.co/
/.go/src/github.com/alecthomas/
/.go/src/github.com/davidrjenni/
/.go/src/github.com/dominikh/
/.go/src/github.com/dzhou121/
/.go/src/github.com/fatih/
/.go/src/github.com/gdamore/
/.go/src/github.com/golang/
/.go/src/github.com/howeyc/
/.go/src/github.com/josharian/
/.go/src/github.com/jstemmer/
/.go/src/github.com/junegunn/
/.go/src/github.com/kisielk/
/.go/src/github.com/klauspost/
/.go/src/github.com/lucasb/
/.go/src/github.com/marcusolsson/
/.go/src/github.com/mattn/
/.go/src/github.com/mgutz/
/.go/src/github.com/MichaelTJones/
/.go/src/github.com/mitchellh/
/.go/src/github.com/neovim/
/.go/src/github.com/nozzle/
/.go/src/github.com/nsf/
/.go/src/github.com/rogpeppe/
/.go/src/github.com/Sirupsen/
/.go/src/github.com/therecipe/
/.pdepend
/.pki
/app
/workspace/readonly
/.bash*
/.local/share/
/.local/bin/
/.local/lib/
/.flake8
/.gitignore_global
/.vbox*
/.vim*
/.vintrc.yaml
/.python_history
/.fzf*
/.links
/.npm
/.w3m
/.elinks
/.laradock
/.zshrc
/.dotnet
/.nuget
/.oracle_jre_usage
/.proselint
/.templateengine
/.Xauthority
/.rbenv
/.ssh/authorized_keys
__pycache__
.mypy_cache
node_modules/**
